// Jest Snapshot v1, https://goo.gl/fbAQLP

exports[`creates a new addCategory action 1`] = `
Object {
  "category": "newCategory",
  "type": "ADD_CATEGORY",
}
`;
