// Jest Snapshot v1, https://goo.gl/fbAQLP

exports[`creates a new addPost action 1`] = `
Object {
  "post": Object {
    "id": 1,
  },
  "type": "ADD_POST",
}
`;

exports[`creates a new updateVoteCount action 1`] = `
Object {
  "postId": 1,
  "type": "UPDATE_VOTE_COUNT",
  "voteCount": 2,
}
`;
